  ▲ Next.js 14.2.25
  - Local:        http://localhost:3020

 ✓ Starting...
 ✓ Ready in 2s
 ○ Compiling /pipeline ...
 ✓ Compiled /pipeline in 11.3s (3946 modules)
 GET /pipeline 200 in 11491ms
 ✓ Compiled in 828ms (1953 modules)
(node:2347677) [DEP0060] DeprecationWarning: The `util._extend` API is deprecated. Please use Object.assign() instead.
(Use `node --trace-deprecation ...` to show where the warning was created)
 GET /pipeline 200 in 37ms
 GET /pipeline 200 in 27ms
 ○ Compiling / ...
 ✓ Compiled / in 857ms (3914 modules)
 GET / 200 in 984ms
 ✓ Compiled /icon.svg in 276ms (2000 modules)
 GET /icon.svg 200 in 329ms
 GET /icon.svg 200 in 5ms
 ○ Compiling /scrapers ...
 ✓ Compiled /scrapers in 567ms (3963 modules)
 ✓ Compiled /logs in 498ms (3971 modules)
 ✓ Compiled /jobs in 463ms (3987 modules)
 ○ Compiling /pipeline ...
 ✓ Compiled /pipeline in 785ms (2029 modules)
 GET /pipeline 200 in 84ms
 GET /icon.svg 200 in 11ms
 GET /icon.svg 200 in 5ms
 ○ Compiling /cron ...
 ✓ Compiled /cron in 710ms (3998 modules)
 GET /jobs 200 in 129ms
 ✓ Compiled in 3s (3973 modules)
 ✓ Compiled in 1268ms (3973 modules)
 ✓ Compiled in 1503ms (3973 modules)
 ✓ Compiled in 824ms (3973 modules)
 GET /cron 200 in 146ms
 GET /logs 200 in 36ms
 ✓ Compiled in 1381ms (3959 modules)
 ✓ Compiled in 1439ms (3973 modules)
 ✓ Compiled in 871ms (3973 modules)
 ✓ Compiled in 1641ms (3973 modules)
 ✓ Compiled in 812ms (3973 modules)
 GET /pipeline 200 in 131ms
 ○ Compiling /icon.svg ...
 ✓ Compiled /icon.svg in 951ms (2025 modules)
 GET /icon.svg 200 in 1007ms
 GET /icon.svg 200 in 5ms
 GET /pipeline 200 in 94ms
 GET /icon.svg 200 in 6ms
 GET /icon.svg 200 in 6ms
 GET /pipeline 200 in 28ms
